[INFO] Scanning for projects...
[INFO] 
[INFO] ----------------------< com.lgames:game-backend >-----------------------
[INFO] Building game-backend 0.0.1-SNAPSHOT
[INFO] --------------------------------[ jar ]---------------------------------
[INFO] 
[INFO] >>> spring-boot-maven-plugin:3.2.0:run (default-cli) > test-compile @ game-backend >>>
[INFO] 
[INFO] --- maven-resources-plugin:3.3.1:resources (default-resources) @ game-backend ---
[INFO] Copying 1 resource from src/main/resources to target/classes
[INFO] Copying 0 resource from src/main/resources to target/classes
[INFO] 
[INFO] --- maven-compiler-plugin:3.11.0:compile (default-compile) @ game-backend ---
[INFO] Nothing to compile - all classes are up to date
[INFO] 
[INFO] --- maven-resources-plugin:3.3.1:testResources (default-testResources) @ game-backend ---
[INFO] skip non existing resourceDirectory /usr/local/share/game-space2/games/game-backend/src/test/resources
[INFO] 
[INFO] --- maven-compiler-plugin:3.11.0:testCompile (default-testCompile) @ game-backend ---
[INFO] No sources to compile
[INFO] 
[INFO] <<< spring-boot-maven-plugin:3.2.0:run (default-cli) < test-compile @ game-backend <<<
[INFO] 
[INFO] 
[INFO] --- spring-boot-maven-plugin:3.2.0:run (default-cli) @ game-backend ---
[INFO] Attaching agents: []

  .   ____          _            __ _ _
 /\\ / ___'_ __ _ _(_)_ __  __ _ \ \ \ \
( ( )\___ | '_ | '_| | '_ \/ _` | \ \ \ \
 \\/  ___)| |_)| | | | | || (_| |  ) ) ) )
  '  |____| .__|_| |_|_| |_\__, | / / / /
 =========|_|==============|___/=/_/_/_/
 :: Spring Boot ::                (v3.2.0)

2025-11-22T20:57:45.876+08:00  INFO 8968 --- [game-backend] [  restartedMain] c.l.gamebackend.GameBackendApplication   : Starting GameBackendApplication using Java 17.0.8 with PID 8968 (/usr/local/share/game-space2/games/game-backend/target/classes started by karl in /usr/local/share/game-space2/games/game-backend)
2025-11-22T20:57:45.879+08:00  INFO 8968 --- [game-backend] [  restartedMain] c.l.gamebackend.GameBackendApplication   : No active profile set, falling back to 1 default profile: "default"
2025-11-22T20:57:45.924+08:00  INFO 8968 --- [game-backend] [  restartedMain] .e.DevToolsPropertyDefaultsPostProcessor : Devtools property defaults active! Set 'spring.devtools.add-properties' to 'false' to disable
2025-11-22T20:57:45.924+08:00  INFO 8968 --- [game-backend] [  restartedMain] .e.DevToolsPropertyDefaultsPostProcessor : For additional web related logging consider setting the 'logging.level.web' property to 'DEBUG'
2025-11-22T20:57:46.620+08:00  INFO 8968 --- [game-backend] [  restartedMain] o.s.b.w.embedded.tomcat.TomcatWebServer  : Tomcat initialized with port 8080 (http)
2025-11-22T20:57:46.628+08:00  INFO 8968 --- [game-backend] [  restartedMain] o.apache.catalina.core.StandardService   : Starting service [Tomcat]
2025-11-22T20:57:46.629+08:00  INFO 8968 --- [game-backend] [  restartedMain] o.apache.catalina.core.StandardEngine    : Starting Servlet engine: [Apache Tomcat/10.1.16]
2025-11-22T20:57:46.664+08:00  INFO 8968 --- [game-backend] [  restartedMain] o.a.c.c.C.[Tomcat].[localhost].[/api]    : Initializing Spring embedded WebApplicationContext
2025-11-22T20:57:46.665+08:00  INFO 8968 --- [game-backend] [  restartedMain] w.s.c.ServletWebServerApplicationContext : Root WebApplicationContext: initialization completed in 740 ms
2025-11-22T20:57:46.995+08:00  INFO 8968 --- [game-backend] [  restartedMain] o.s.b.d.a.OptionalLiveReloadServer       : LiveReload server is running on port 35729
2025-11-22T20:57:47.019+08:00  INFO 8968 --- [game-backend] [  restartedMain] o.s.b.w.embedded.tomcat.TomcatWebServer  : Tomcat started on port 8080 (http) with context path '/api'
2025-11-22T20:57:47.028+08:00  INFO 8968 --- [game-backend] [  restartedMain] c.l.gamebackend.GameBackendApplication   : Started GameBackendApplication in 1.458 seconds (process running for 1.765)
[INFO] ------------------------------------------------------------------------
[INFO] BUILD SUCCESS
[INFO] ------------------------------------------------------------------------
[INFO] Total time:  28.814 s
[INFO] Finished at: 2025-11-22T20:58:12+08:00
[INFO] ------------------------------------------------------------------------
